// Jest Snapshot v1, https://goo.gl/fbAQLP

exports[`Components MainSection should match snapshot 1`] = `
<View
  style={
    Array [
      Object {
        "backgroundColor": "#fce0a7",
        "height": 600,
        "marginBottom": 10,
        "marginTop": 10,
      },
    ]
  }
/>
`;
